// Jest Snapshot v1, https://goo.gl/fbAQLP

exports[`The Loading spinner renders 1`] = `
<div>
  <div
    class="flex items-center justify-center mt-5"
  >
    <div
      class="relative"
    >
      <div
        class="h-24 w-24 rounded-full border-t-8 border-b-8 border-gray-200"
      />
      <div
        class="absolute top-0 left-0 h-24 w-24 rounded-full border-t-8 border-b-8 border-blue-500 animate-spin"
      />
    </div>
  </div>
</div>
`;
